// Jest Snapshot v1, https://goo.gl/fbAQLP

exports[`matchers proxies matchers to expect 1`] = `
"<dim>expect(<red>received</><dim>).toBe(<green>expected</><dim>)

Expected value to be (using ===):
  <green>2</>
Received:
  <red>1</>"
`;
