// Jest Snapshot v1, https://goo.gl/fbAQLP

exports[`dims everything when there is no match 1`] = `"<dim>jest-cli/__tests__/watch.test.js"`;

exports[`dims everything when there is no match 2`] = `"<dim>...t-cli/__tests__/watch.test.js"`;

exports[`dims everything when there is no match 3`] = `"<dim>.../__tests__/watch.test.js"`;

exports[`dims everything when there is no match 4`] = `"<dim>...sts__/watch.test.js"`;

exports[`dims everything when there is no match 5`] = `"<dim>...watch.test.js"`;

exports[`dims everything when there is no match 6`] = `"<dim>....test.js"`;

exports[`dims everything when there is no match 7`] = `"<dim>....js"`;

exports[`dims everything when there is no match 8`] = `"<dim>./watch.test.js"`;

exports[`highlight the trimmed part when there is only a rootDir match 1`] = `"<dim>jest-cli/__tests__/watch.test.js"`;

exports[`highlight the trimmed part when there is only a rootDir match 2`] = `"</>...</><dim>t-cli/__tests__/watch.test.js"`;

exports[`highlight the trimmed part when there is only a rootDir match 3`] = `"</>...</><dim>/__tests__/watch.test.js"`;

exports[`highlight the trimmed part when there is only a rootDir match 4`] = `"</>...</><dim>sts__/watch.test.js"`;

exports[`highlight the trimmed part when there is only a rootDir match 5`] = `"</>...</><dim>watch.test.js"`;

exports[`highlight the trimmed part when there is only a rootDir match 6`] = `"</>...</><dim>.test.js"`;

exports[`highlight the trimmed part when there is only a rootDir match 7`] = `"</>...</><dim>.js"`;

exports[`highlight the trimmed part when there is only a rootDir match 8`] = `"</>./</><dim>watch.test.js"`;

exports[`highlights everything when there is a full match 1`] = `"</>jest-cli/__tests__/watch.test.js</>"`;

exports[`highlights everything when there is a full match 2`] = `"</>...t-cli/__tests__/watch.test.js</>"`;

exports[`highlights everything when there is a full match 3`] = `"</>.../__tests__/watch.test.js</>"`;

exports[`highlights everything when there is a full match 4`] = `"</>...sts__/watch.test.js</>"`;

exports[`highlights everything when there is a full match 5`] = `"</>...watch.test.js</>"`;

exports[`highlights everything when there is a full match 6`] = `"</>....test.js</>"`;

exports[`highlights everything when there is a full match 7`] = `"</>....js</>"`;

exports[`highlights everything when there is a full match 8`] = `"</>./watch.test.js</>"`;

exports[`highlights part of file name when there is a partially match of the file name 1`] = `"<dim>jest-cli/__tests__/</>watch</><dim>.test.js"`;

exports[`highlights part of file name when there is a partially match of the file name 2`] = `"<dim>...t-cli/__tests__/</>watch</><dim>.test.js"`;

exports[`highlights part of file name when there is a partially match of the file name 3`] = `"<dim>.../__tests__/</>watch</><dim>.test.js"`;

exports[`highlights part of file name when there is a partially match of the file name 4`] = `"<dim>...sts__/</>watch</><dim>.test.js"`;

exports[`highlights part of file name when there is a partially match of the file name 5`] = `"<dim>...</>watch</><dim>.test.js"`;

exports[`highlights part of file name when there is a partially match of the file name 6`] = `"</>...</><dim>.test.js"`;

exports[`highlights part of file name when there is a partially match of the file name 7`] = `"</>...</><dim>.js"`;

exports[`highlights part of file name when there is a partially match of the file name 8`] = `"<dim>./</>watch</><dim>.test.js"`;

exports[`highlights the trimmed part there is a non visible match 1`] = `"</>...t-cli</><dim>/__tests__/watch.test.js"`;

exports[`highlights the trimmed part there is a non visible match 2`] = `"</>...</><dim>/__tests__/watch.test.js"`;

exports[`highlights the trimmed part there is a non visible match 3`] = `"</>...</><dim>sts__/watch.test.js"`;

exports[`highlights the trimmed part there is a non visible match 4`] = `"</>...</><dim>watch.test.js"`;

exports[`highlights the trimmed part there is a non visible match 5`] = `"</>...</><dim>.test.js"`;

exports[`highlights the trimmed part there is a non visible match 6`] = `"</>...</><dim>.js"`;
