// Jest Snapshot v1, https://goo.gl/fbAQLP

exports[`babel-jest instruments only specific files and collects coverage 1`] = `
"------------|----------|----------|----------|----------|----------------|
File        |  % Stmts | % Branch |  % Funcs |  % Lines |Uncovered Lines |
------------|----------|----------|----------|----------|----------------|
All files   |    83.33 |      100 |       50 |    83.33 |                |
 covered.js |    83.33 |      100 |       50 |    83.33 |             16 |
------------|----------|----------|----------|----------|----------------|
"
`;

exports[`custom transformer instruments files 1`] = `
"----------|----------|----------|----------|----------|----------------|
File      |  % Stmts | % Branch |  % Funcs |  % Lines |Uncovered Lines |
----------|----------|----------|----------|----------|----------------|
All files |  Unknown |  Unknown |  Unknown |  Unknown |                |
----------|----------|----------|----------|----------|----------------|
"
`;

exports[`no babel-jest instrumentation with no babel-jest 1`] = `
"------------|----------|----------|----------|----------|----------------|
File        |  % Stmts | % Branch |  % Funcs |  % Lines |Uncovered Lines |
------------|----------|----------|----------|----------|----------------|
All files   |    83.33 |      100 |       50 |    83.33 |                |
 covered.js |    83.33 |      100 |       50 |    83.33 |             16 |
------------|----------|----------|----------|----------|----------------|
"
`;
