// Jest Snapshot v1, https://goo.gl/fbAQLP

exports[`instruments and collects coverage for typescript files 1`] = `
"------------|----------|----------|----------|----------|----------------|
File        |  % Stmts | % Branch |  % Funcs |  % Lines |Uncovered Lines |
------------|----------|----------|----------|----------|----------------|
All files   |      100 |      100 |      100 |      100 |                |
 covered.ts |      100 |      100 |      100 |      100 |                |
------------|----------|----------|----------|----------|----------------|
"
`;
