// Jest Snapshot v1, https://goo.gl/fbAQLP

exports[`ReactElement plugin highlights syntax 1`] = `
"<Mouse</>
  prop</>=<green>{
    <div></>
      </>mouse</>
      <span></>
        </>rat</>
      </span></>
    </div></>
  }</>
/></>"
`;

exports[`ReactElement plugin highlights syntax with color from theme option 1`] = `
"<Mouse</>
  style</>=<red>\\"color:red\\"</>
></>
  </>Hello, Mouse!</>
</Mouse></>"
`;

exports[`ReactTestComponent plugin highlights syntax 1`] = `
"<Mouse</>
  prop</>=<green>{
    <div></>
      </>mouse</>
      <span></>
        </>rat</>
      </span></>
    </div></>
  }</>
/></>"
`;

exports[`ReactTestComponent plugin highlights syntax with color from theme option 1`] = `
"<Mouse</>
  style</>=<red>\\"color:red\\"</>
></>
  </>Hello, Mouse!</>
</Mouse></>"
`;
